warning: Unused imported type
  ┌─ /Users/brixelectronics/Documents/mac/gleamdb/src/gleamdb/event.gleam:4:32
  │
4 │ import gleamdb/fact.{type Eid, type Fact, type Value, Str, Int, Ref, Uid}
  │                                ^^^^^^^^^ This imported type is never used

Hint: You can safely remove it.

warning: Unused imported item
  ┌─ /Users/brixelectronics/Documents/mac/gleamdb/test/gleamdb/event_test.gleam:9:27
  │
9 │ import gleamdb/fact.{Str, Int, Ref}
  │                           ^^^ This imported constructor is never used

Hint: You can safely remove it.

warning: Unused imported item
  ┌─ /Users/brixelectronics/Documents/mac/gleamdb/test/gleamdb/event_test.gleam:9:32
  │
9 │ import gleamdb/fact.{Str, Int, Ref}
  │                                ^^^ This imported constructor is never used

Hint: You can safely remove it.

warning: Deprecated value used
   ┌─ /Users/brixelectronics/Documents/mac/gleamdb/test/gleamdb/performance_test.gleam:18:34
   │
18 │   let facts = list.flat_map(list.range(1, 100), fn(i) {
   │                                  ^^^^^ This value has been deprecated

It was deprecated with this message: Use int.range instead

warning: Deprecated value used
   ┌─ /Users/brixelectronics/Documents/mac/gleamdb/test/gleamdb/performance_test.gleam:46:29
   │
46 │   let facts = list.map(list.range(1, 49), fn(i) {
   │                             ^^^^^ This value has been deprecated

It was deprecated with this message: Use int.range instead

warning: Deprecated value used
   ┌─ /Users/brixelectronics/Documents/mac/gleamdb/src/gleamdb/sharded.gleam:29:21
   │
29 │   let shards = list.range(0, shard_count - 1)
   │                     ^^^^^ This value has been deprecated

It was deprecated with this message: Use int.range instead

warning: Deprecated value used
   ┌─ /Users/brixelectronics/Documents/mac/gleamdb/src/gleamdb/sharded.gleam:57:21
   │
57 │   let shards = list.range(0, shard_count - 1)
   │                     ^^^^^ This value has been deprecated

It was deprecated with this message: Use int.range instead

warning: Deprecated value used
    ┌─ /Users/brixelectronics/Documents/mac/gleamdb/src/gleamdb/sharded.gleam:115:12
    │
115 │       list.range(1, list.length(grouped_list))
    │            ^^^^^ This value has been deprecated

It was deprecated with this message: Use int.range instead

warning: Deprecated value used
    ┌─ /Users/brixelectronics/Documents/mac/gleamdb/src/gleamdb/sharded.gleam:143:8
    │
143 │   list.range(1, list.length(shard_list))
    │        ^^^^^ This value has been deprecated

It was deprecated with this message: Use int.range instead

warning: Deprecated value used
    ┌─ /Users/brixelectronics/Documents/mac/gleamdb/src/gleamdb/sharded.gleam:165:8
    │
165 │   list.range(1, list.length(shard_list))
    │        ^^^^^ This value has been deprecated

It was deprecated with this message: Use int.range instead

warning: Deprecated value used
   ┌─ /Users/brixelectronics/Documents/mac/gleamdb/test/time_series_test.gleam:16:20
   │
16 │   let ticks = list.range(1, 100) |> list.map(fn(i) {
   │                    ^^^^^ This value has been deprecated

It was deprecated with this message: Use int.range instead

warning: Inefficient use of `list.length`
   ┌─ /Users/brixelectronics/Documents/mac/gleamdb/test/time_series_test.gleam:52:18
   │
52 │   should.be_true(list.length(values) > 0)
   │                  ^^^^^^^^^^^^^^^^^^^^^^^

The `list.length` function has to iterate across the whole
list to calculate the length, which is wasteful if you only
need to know if the list is empty or not.

Hint: You can use `the_list != []` instead.

warning: Deprecated value used
   ┌─ /Users/brixelectronics/Documents/mac/gleamdb/test/time_series_test.gleam:61:8
   │
61 │   list.range(1, 10) |> list.each(fn(i) {
   │        ^^^^^ This value has been deprecated

It was deprecated with this message: Use int.range instead

warning: Deprecated value used
    ┌─ /Users/brixelectronics/Documents/mac/gleamdb/test/time_series_test.gleam:108:8
    │
108 │   list.range(1, 5) |> list.each(fn(i) {
    │        ^^^^^ This value has been deprecated

It was deprecated with this message: Use int.range instead

   Compiled in 0.04s
    Running gleamdb_test.main
[32m.[39m[32m.[39m[32m.[39m[32m.[39m[32m.[39m[32m.[39m[32m.[39m[32m.[39mRunning supervision_test
[32m.[39m[32m.[39m[32m.[39m[32m.[39m
[1m[31mlet assert[39m[22m [90mtest/gleamdb/event_test.gleam:74[39m
[36m test[39m: gleamdb@event_test.event_reactive_test
[36m code[39m: let assert Ok(received_eid) = process.receive(self_subject, 1000)
[36mvalue[39m: Error(Nil)
[36m info[39m: Pattern match failed, no pattern matched the value.
[32m.[39m[32m.[39m[32m.[39m[32m.[39m[32m.[39m[32m.[39m[32m.[39m[32m.[39m[32m.[39m[32m.[39m[32m.[39m[32m.[39m[32m.[39m[32m.[39m[32m.[39m[32m.[39mReceived Delta Added
Received Delta Removed
[32m.[39m[32m.[39m[32m.[39m[32m.[39m[32m.[39m[32m.[39m[32m.[39m[32m.[39m[32m.[39m[32m.[39m[32m.[39m[32m.[39m[32m.[39m[32m.[39m[32m.[39m[32m.[39m[32m.[39m[32m.[39m[32m.[39m[32m.[39m[32m.[39m[32m.[39m[32m.[39m[32m.[39m[32m.[39m=ERROR REPORT==== 14-Feb-2026::22:39:39.912666 ===
global: <0.252.0> registered under several names: [<<103,108,101,97,109,100,98,95,108,101,97,100,101,114>>,<<103,108,101,97,109,100,98,95,116,101,115,116,95,115,104,97,114,100,101,100,95,105,100,101,110,116,105,116,121,95,115,48>>]

=ERROR REPORT==== 14-Feb-2026::22:39:39.912831 ===
global: <0.254.0> registered under several names: [<<103,108,101,97,109,100,98,95,108,101,97,100,101,114>>,<<103,108,101,97,109,100,98,95,116,101,115,116,95,115,104,97,114,100,101,100,95,105,100,101,110,116,105,116,121,95,115,49>>]

=ERROR REPORT==== 14-Feb-2026::22:39:39.912921 ===
global: <0.256.0> registered under several names: [<<103,108,101,97,109,100,98,95,108,101,97,100,101,114>>,<<103,108,101,97,109,100,98,95,116,101,115,116,95,115,104,97,114,100,101,100,95,105,100,101,110,116,105,116,121,95,115,50>>]

=ERROR REPORT==== 14-Feb-2026::22:39:39.913021 ===
global: <0.258.0> registered under several names: [<<103,108,101,97,109,100,98,95,108,101,97,100,101,114>>,<<103,108,101,97,109,100,98,95,116,101,115,116,95,115,104,97,114,100,101,100,95,105,100,101,110,116,105,116,121,95,115,51>>]

[32m.[39m=ERROR REPORT==== 14-Feb-2026::22:39:39.916176 ===
global: <0.267.0> registered under several names: [<<103,108,101,97,109,100,98,95,108,101,97,100,101,114>>,<<103,108,101,97,109,100,98,95,116,101,115,116,95,115,104,97,114,100,101,100,95,115,99,97,108,105,110,103,95,115,48>>]

=ERROR REPORT==== 14-Feb-2026::22:39:39.916290 ===
global: <0.269.0> registered under several names: [<<103,108,101,97,109,100,98,95,108,101,97,100,101,114>>,<<103,108,101,97,109,100,98,95,116,101,115,116,95,115,104,97,114,100,101,100,95,115,99,97,108,105,110,103,95,115,49>>]

=ERROR REPORT==== 14-Feb-2026::22:39:39.916366 ===
global: <0.271.0> registered under several names: [<<103,108,101,97,109,100,98,95,108,101,97,100,101,114>>,<<103,108,101,97,109,100,98,95,116,101,115,116,95,115,104,97,114,100,101,100,95,115,99,97,108,105,110,103,95,115,50>>]

=ERROR REPORT==== 14-Feb-2026::22:39:39.916473 ===
global: <0.273.0> registered under several names: [<<103,108,101,97,109,100,98,95,108,101,97,100,101,114>>,<<103,108,101,97,109,100,98,95,116,101,115,116,95,115,104,97,114,100,101,100,95,115,99,97,108,105,110,103,95,115,51>>]

=ERROR REPORT==== 14-Feb-2026::22:39:39.916576 ===
global: <0.275.0> registered under several names: [<<103,108,101,97,109,100,98,95,108,101,97,100,101,114>>,<<103,108,101,97,109,100,98,95,116,101,115,116,95,115,104,97,114,100,101,100,95,115,99,97,108,105,110,103,95,115,52>>]

=ERROR REPORT==== 14-Feb-2026::22:39:39.916670 ===
global: <0.277.0> registered under several names: [<<103,108,101,97,109,100,98,95,108,101,97,100,101,114>>,<<103,108,101,97,109,100,98,95,116,101,115,116,95,115,104,97,114,100,101,100,95,115,99,97,108,105,110,103,95,115,53>>]

=ERROR REPORT==== 14-Feb-2026::22:39:39.916745 ===
global: <0.279.0> registered under several names: [<<103,108,101,97,109,100,98,95,108,101,97,100,101,114>>,<<103,108,101,97,109,100,98,95,116,101,115,116,95,115,104,97,114,100,101,100,95,115,99,97,108,105,110,103,95,115,54>>]

=ERROR REPORT==== 14-Feb-2026::22:39:39.916822 ===
global: <0.281.0> registered under several names: [<<103,108,101,97,109,100,98,95,108,101,97,100,101,114>>,<<103,108,101,97,109,100,98,95,116,101,115,116,95,115,104,97,114,100,101,100,95,115,99,97,108,105,110,103,95,115,55>>]

[32m.[39m=ERROR REPORT==== 14-Feb-2026::22:39:39.920113 ===
global: <0.296.0> registered under several names: [<<103,108,101,97,109,100,98,95,108,101,97,100,101,114>>,<<103,108,101,97,109,100,98,95,116,101,115,116,95,115,104,97,114,100,101,100,95,101,100,103,101,95,115,48>>]

=ERROR REPORT==== 14-Feb-2026::22:39:39.920220 ===
global: <0.298.0> registered under several names: [<<103,108,101,97,109,100,98,95,108,101,97,100,101,114>>,<<103,108,101,97,109,100,98,95,116,101,115,116,95,115,104,97,114,100,101,100,95,101,100,103,101,95,115,49>>]

=ERROR REPORT==== 14-Feb-2026::22:39:39.920318 ===
global: <0.300.0> registered under several names: [<<103,108,101,97,109,100,98,95,108,101,97,100,101,114>>,<<103,108,101,97,109,100,98,95,116,101,115,116,95,115,104,97,114,100,101,100,95,101,100,103,101,95,49,95,115,48>>]

[32m.[39m=ERROR REPORT==== 14-Feb-2026::22:39:39.923049 ===
global: <0.304.0> registered under several names: [<<103,108,101,97,109,100,98,95,108,101,97,100,101,114>>,<<103,108,101,97,109,100,98,95,116,101,115,116,95,115,104,97,114,100,101,100,95,115,116,111,112,95,115,48>>]

=ERROR REPORT==== 14-Feb-2026::22:39:39.923125 ===
global: <0.306.0> registered under several names: [<<103,108,101,97,109,100,98,95,108,101,97,100,101,114>>,<<103,108,101,97,109,100,98,95,116,101,115,116,95,115,104,97,114,100,101,100,95,115,116,111,112,95,115,49>>]

[32m.[39m[32m.[39m[32m.[39m[32m.[39m[31m
60 passed, 1 failures[39m
